python : Creating test database for alias 'default'...
At line:1 char:1
+ python manage.py test interactions > test_output.txt 2>&1
+ ~~~~~~~~~~~~~~~~~~~~~~~~~~~~~~~~~~~~~~~~~~~~~~~~~~~~~~~~~
    + CategoryInfo          : NotSpecified: (Creating test d...as 'default'...:String) [], RemoteException
    + FullyQualifiedErrorId : NativeCommandError
 

E......
======================================================================
ERROR: test_duplicate_favorites_prevented (interactions.tests.InteractionsTests.test_duplicate_favorites_prevented)
----------------------------------------------------------------------
Traceback (most recent call last):
  File "C:\Users\tesfu\AppData\Local\Programs\Python\Python313\Lib\site-packages\django\db\backends\utils.py", line 105, in 
_execute
    return self.cursor.execute(sql, params)
           ~~~~~~~~~~~~~~~~~~~^^^^^^^^^^^^^
psycopg2.errors.UniqueViolation: duplicate key value violates unique constraint 
"interactions_favorite_user_id_property_id_4040013b_uniq"
DETAIL:  Key (user_id, property_id)=(3, 1) already exists.


The above exception was the direct cause of the following exception:

Traceback (most recent call last):
  File "D:\work\ALX_backend\graduation_project\mela_rent\interactions\tests.py", line 57, in test_duplicate_favorites_prevented
    response = self.client.post(self.fav_url, {"property": self.prop1.id})
  File "C:\Users\tesfu\AppData\Local\Programs\Python\Python313\Lib\site-packages\rest_framework\test.py", line 299, in post
    response = super().post(
        path, data=data, format=format, content_type=content_type, **extra)
  File "C:\Users\tesfu\AppData\Local\Programs\Python\Python313\Lib\site-packages\rest_framework\test.py", line 213, in post
    return self.generic('POST', path, data, content_type, **extra)
           ~~~~~~~~~~~~^^^^^^^^^^^^^^^^^^^^^^^^^^^^^^^^^^^^^^^^^^^
  File "C:\Users\tesfu\AppData\Local\Programs\Python\Python313\Lib\site-packages\rest_framework\test.py", line 237, in generic
    return super().generic(
           ~~~~~~~~~~~~~~~^
        method, path, data, content_type, secure, **extra)
        ^^^^^^^^^^^^^^^^^^^^^^^^^^^^^^^^^^^^^^^^^^^^^^^^^^
  File "C:\Users\tesfu\AppData\Local\Programs\Python\Python313\Lib\site-packages\django\test\client.py", line 671, in generic
    return self.request(**r)
           ~~~~~~~~~~~~^^^^^
  File "C:\Users\tesfu\AppData\Local\Programs\Python\Python313\Lib\site-packages\rest_framework\test.py", line 289, in request
    return super().request(**kwargs)
           ~~~~~~~~~~~~~~~^^^^^^^^^^
  File "C:\Users\tesfu\AppData\Local\Programs\Python\Python313\Lib\site-packages\rest_framework\test.py", line 241, in request
    request = super().request(**kwargs)
  File "C:\Users\tesfu\AppData\Local\Programs\Python\Python313\Lib\site-packages\django\test\client.py", line 1087, in request
    self.check_exception(response)
    ~~~~~~~~~~~~~~~~~~~~^^^^^^^^^^
  File "C:\Users\tesfu\AppData\Local\Programs\Python\Python313\Lib\site-packages\django\test\client.py", line 802, in 
check_exception
    raise exc_value
  File "C:\Users\tesfu\AppData\Local\Programs\Python\Python313\Lib\site-packages\django\core\handlers\exception.py", line 55, in 
inner
    response = get_response(request)
  File "C:\Users\tesfu\AppData\Local\Programs\Python\Python313\Lib\site-packages\django\core\handlers\base.py", line 197, in 
_get_response
    response = wrapped_callback(request, *callback_args, **callback_kwargs)
  File "C:\Users\tesfu\AppData\Local\Programs\Python\Python313\Lib\site-packages\django\views\decorators\csrf.py", line 65, in 
_view_wrapper
    return view_func(request, *args, **kwargs)
  File "C:\Users\tesfu\AppData\Local\Programs\Python\Python313\Lib\site-packages\rest_framework\viewsets.py", line 125, in view
    return self.dispatch(request, *args, **kwargs)
           ~~~~~~~~~~~~~^^^^^^^^^^^^^^^^^^^^^^^^^^
  File "C:\Users\tesfu\AppData\Local\Programs\Python\Python313\Lib\site-packages\rest_framework\views.py", line 515, in dispatch
    response = self.handle_exception(exc)
  File "C:\Users\tesfu\AppData\Local\Programs\Python\Python313\Lib\site-packages\rest_framework\views.py", line 475, in 
handle_exception
    self.raise_uncaught_exception(exc)
    ~~~~~~~~~~~~~~~~~~~~~~~~~~~~~^^^^^
  File "C:\Users\tesfu\AppData\Local\Programs\Python\Python313\Lib\site-packages\rest_framework\views.py", line 486, in 
raise_uncaught_exception
    raise exc
  File "C:\Users\tesfu\AppData\Local\Programs\Python\Python313\Lib\site-packages\rest_framework\views.py", line 512, in dispatch
    response = handler(request, *args, **kwargs)
  File "C:\Users\tesfu\AppData\Local\Programs\Python\Python313\Lib\site-packages\rest_framework\mixins.py", line 19, in create
    self.perform_create(serializer)
    ~~~~~~~~~~~~~~~~~~~^^^^^^^^^^^^
  File "D:\work\ALX_backend\graduation_project\mela_rent\interactions\views.py", line 27, in perform_create
    serializer.save(user=self.request.user)
    ~~~~~~~~~~~~~~~^^^^^^^^^^^^^^^^^^^^^^^^
  File "C:\Users\tesfu\AppData\Local\Programs\Python\Python313\Lib\site-packages\rest_framework\serializers.py", line 210, in save
    self.instance = self.create(validated_data)
                    ~~~~~~~~~~~^^^^^^^^^^^^^^^^
  File "C:\Users\tesfu\AppData\Local\Programs\Python\Python313\Lib\site-packages\rest_framework\serializers.py", line 991, in 
create
    instance = ModelClass._default_manager.create(**validated_data)
  File "C:\Users\tesfu\AppData\Local\Programs\Python\Python313\Lib\site-packages\django\db\models\manager.py", line 87, in 
manager_method
    return getattr(self.get_queryset(), name)(*args, **kwargs)
           ~~~~~~~~~~~~~~~~~~~~~~~~~~~~~~~~~~^^^^^^^^^^^^^^^^^
  File "C:\Users\tesfu\AppData\Local\Programs\Python\Python313\Lib\site-packages\django\db\models\query.py", line 663, in create
    obj.save(force_insert=True, using=self.db)
    ~~~~~~~~^^^^^^^^^^^^^^^^^^^^^^^^^^^^^^^^^^
  File "C:\Users\tesfu\AppData\Local\Programs\Python\Python313\Lib\site-packages\django\db\models\base.py", line 902, in save
    self.save_base(
    ~~~~~~~~~~~~~~^
        using=using,
        ^^^^^^^^^^^^
    ...<2 lines>...
        update_fields=update_fields,
        ^^^^^^^^^^^^^^^^^^^^^^^^^^^^
    )
    ^
  File "C:\Users\tesfu\AppData\Local\Programs\Python\Python313\Lib\site-packages\django\db\models\base.py", line 1008, in 
save_base
    updated = self._save_table(
        raw,
    ...<4 lines>...
        update_fields,
    )
  File "C:\Users\tesfu\AppData\Local\Programs\Python\Python313\Lib\site-packages\django\db\models\base.py", line 1169, in 
_save_table
    results = self._do_insert(
        cls._base_manager, using, fields, returning_fields, raw
    )
  File "C:\Users\tesfu\AppData\Local\Programs\Python\Python313\Lib\site-packages\django\db\models\base.py", line 1210, in 
_do_insert
    return manager._insert(
           ~~~~~~~~~~~~~~~^
        [self],
        ^^^^^^^
    ...<3 lines>...
        raw=raw,
        ^^^^^^^^
    )
    ^
  File "C:\Users\tesfu\AppData\Local\Programs\Python\Python313\Lib\site-packages\django\db\models\manager.py", line 87, in 
manager_method
    return getattr(self.get_queryset(), name)(*args, **kwargs)
           ~~~~~~~~~~~~~~~~~~~~~~~~~~~~~~~~~~^^^^^^^^^^^^^^^^^
  File "C:\Users\tesfu\AppData\Local\Programs\Python\Python313\Lib\site-packages\django\db\models\query.py", line 1868, in _insert
    return query.get_compiler(using=using).execute_sql(returning_fields)
           ~~~~~~~~~~~~~~~~~~~~~~~~~~~~~~~~~~~~~~~~~~~^^^^^^^^^^^^^^^^^^
  File "C:\Users\tesfu\AppData\Local\Programs\Python\Python313\Lib\site-packages\django\db\models\sql\compiler.py", line 1882, in 
execute_sql
    cursor.execute(sql, params)
    ~~~~~~~~~~~~~~^^^^^^^^^^^^^
  File "C:\Users\tesfu\AppData\Local\Programs\Python\Python313\Lib\site-packages\django\db\backends\utils.py", line 79, in execute
    return self._execute_with_wrappers(
           ~~~~~~~~~~~~~~~~~~~~~~~~~~~^
        sql, params, many=False, executor=self._execute
        ^^^^^^^^^^^^^^^^^^^^^^^^^^^^^^^^^^^^^^^^^^^^^^^
    )
    ^
  File "C:\Users\tesfu\AppData\Local\Programs\Python\Python313\Lib\site-packages\django\db\backends\utils.py", line 92, in 
_execute_with_wrappers
    return executor(sql, params, many, context)
  File "C:\Users\tesfu\AppData\Local\Programs\Python\Python313\Lib\site-packages\django\db\backends\utils.py", line 100, in 
_execute
    with self.db.wrap_database_errors:
         ^^^^^^^^^^^^^^^^^^^^^^^^^^^^
  File "C:\Users\tesfu\AppData\Local\Programs\Python\Python313\Lib\site-packages\django\db\utils.py", line 91, in __exit__
    raise dj_exc_value.with_traceback(traceback) from exc_value
  File "C:\Users\tesfu\AppData\Local\Programs\Python\Python313\Lib\site-packages\django\db\backends\utils.py", line 105, in 
_execute
    return self.cursor.execute(sql, params)
           ~~~~~~~~~~~~~~~~~~~^^^^^^^^^^^^^
django.db.utils.IntegrityError: duplicate key value violates unique constraint 
"interactions_favorite_user_id_property_id_4040013b_uniq"
DETAIL:  Key (user_id, property_id)=(3, 1) already exists.


----------------------------------------------------------------------
Ran 7 tests in 14.926s

FAILED (errors=1)
Destroying test database for alias 'default'...

Found 7 test(s).
System check identified no issues (0 silenced).
